I'm sorry, but errors were detected in your script. Please correct the
errors listed below, and try again.


File "game/game_shop.rpy", line 27: keyword argument u'zorder' appears more than once in a screen statement.
    zorder 111
          ^

Ren'Py Version: Ren'Py 7.3.5.606
Sat Feb 01 23:16:25 2020
